// Jest Snapshot v1, https://goo.gl/fbAQLP

exports[`App render correctly 1`] = `
<div
  style={
    Object {
      "left": "50%",
      "position": "absolute",
      "top": "50%",
      "transform": "translate(-50%, -50%)",
    }
  }
>
  <p
    style={
      Object {
        "display": "block",
        "fontSize": "34px",
        "textAlign": "center",
      }
    }
  >
    Loading...
  </p>
</div>
`;
